current directory: /media/nas/jordan/docs/@archive/2026/buddhafield/buddhafield-solar.github.io/vendor/bundle/ruby/3.3.0/gems/eventmachine-1.2.7/ext/fastfilereader
/usr/bin/ruby3.3 -I/usr/lib/ruby/vendor_ruby extconf.rb
creating Makefile

current directory: /media/nas/jordan/docs/@archive/2026/buddhafield/buddhafield-solar.github.io/vendor/bundle/ruby/3.3.0/gems/eventmachine-1.2.7/ext/fastfilereader
make DESTDIR\= sitearchdir\=./.gem.20260829-619161-kf6dkj sitelibdir\=./.gem.20260829-619161-kf6dkj clean

current directory: /media/nas/jordan/docs/@archive/2026/buddhafield/buddhafield-solar.github.io/vendor/bundle/ruby/3.3.0/gems/eventmachine-1.2.7/ext/fastfilereader
make DESTDIR\= sitearchdir\=./.gem.20260829-619161-kf6dkj sitelibdir\=./.gem.20260829-619161-kf6dkj
compiling mapper.cpp
compiling rubymain.cpp
In file included from /usr/include/ruby-3.3.0/ruby/internal/stdbool.h:31,
                 from /usr/include/ruby-3.3.0/ruby/backward/2/bool.h:22,
                 from /usr/include/ruby-3.3.0/ruby/defines.h:74,
                 from /usr/include/ruby-3.3.0/ruby/ruby.h:25,
                 from /usr/include/ruby-3.3.0/ruby.h:38,
                 from rubymain.cpp:25:
/usr/include/c++/15/cstdbool:50:6: warning: #warning "<cstdbool> is deprecated in C++17, remove the #include" [-Wcpp]
   50 | #    warning "<cstdbool> is deprecated in C++17, remove the #include"
      |      ^~~~~~~
linking shared-object fastfilereaderext.so

current directory: /media/nas/jordan/docs/@archive/2026/buddhafield/buddhafield-solar.github.io/vendor/bundle/ruby/3.3.0/gems/eventmachine-1.2.7/ext/fastfilereader
make DESTDIR\= sitearchdir\=./.gem.20260829-619161-kf6dkj sitelibdir\=./.gem.20260829-619161-kf6dkj install
/usr/bin/install -c -m 0755 fastfilereaderext.so ./.gem.20260829-619161-kf6dkj

current directory: /media/nas/jordan/docs/@archive/2026/buddhafield/buddhafield-solar.github.io/vendor/bundle/ruby/3.3.0/gems/eventmachine-1.2.7/ext/fastfilereader
make DESTDIR\= sitearchdir\=./.gem.20260829-619161-kf6dkj sitelibdir\=./.gem.20260829-619161-kf6dkj clean
